../Core/Src/main.c:82:6:Ultrasonic_distance	8	static
../Core/Src/main.c:93:6:HAL_TIM_IC_CaptureCallback	16	static
../Core/Src/main.c:132:9:Read_RainSensor	8	static
../Core/Src/main.c:138:6:Read_Ultrasonic	8	static
../Core/Src/main.c:145:10:Read_Temperature	16	static
../Core/Src/main.c:169:5:main	16	static
../Core/Src/main.c:235:6:SystemClock_Config	88	static
../Core/Src/main.c:281:13:MX_ADC2_Init	24	static
../Core/Src/main.c:333:13:MX_CAN1_Init	48	static
../Core/Src/main.c:383:13:MX_TIM4_Init	48	static
../Core/Src/main.c:441:13:MX_USART2_UART_Init	8	static
../Core/Src/main.c:474:13:MX_GPIO_Init	48	static
../Core/Src/main.c:515:6:Error_Handler	4	static,ignoring_inline_asm
